// Jest Snapshot v1, https://goo.gl/fbAQLP

exports[`itunes-search-client #getUrl should return correct url 1`] = `"https://itunes.apple.com/search?term=%E3%81%B5%E3%83%BC&media=movie&limit=10&lang=en_us&country=us"`;

exports[`itunes-search-client #getUrl should return correct url 2`] = `"https://itunes.apple.com/search?term=foo&media=movie&limit=10&lang=en_us&country=us"`;

exports[`itunes-search-client #getUrl should return correct url 3`] = `"https://itunes.apple.com/search?term=foo&media=movie&limit=10&lang=en_us&country=us&entity=movieArtist"`;

exports[`itunes-search-client #getUrl should return correct url 4`] = `"https://itunes.apple.com/search?term=foo&media=movie&limit=10&lang=en_us&country=us&entity=movieArtist&attribute=movieTerm"`;

exports[`itunes-search-client #getUrl should return correct url 5`] = `"https://itunes.apple.com/search?term=foo&media=movie&limit=30&lang=en_us&country=us&entity=movieArtist&attribute=movieTerm"`;

exports[`itunes-search-client #getUrl should return correct url 6`] = `"https://itunes.apple.com/search?term=foo&media=movie&limit=30&lang=ja_jp&country=jp&entity=movieArtist&attribute=movieTerm"`;
